# ["--attributes=5", "--values=4", "--game_size=10", "--vocab_size_factor=3", "--n_epochs=60", "--batch_size=64", "--learning_rate=0.0005", "--hidden_size=128", "--temp_update=0.97", "--temperature=2"]
Creating train_ds and val_ds...

Creating test_ds...
{"loss": 0.6778047680854797, "acc": 0.6061067581176758, "length": 3.4784445762634277, "mode": "train", "epoch": 1}
{"loss": 0.6640440821647644, "acc": 0.6298828125, "length": 1.0, "mode": "test", "epoch": 1}
{"loss": 0.6647561192512512, "acc": 0.6257656216621399, "length": 3.304197072982788, "mode": "train", "epoch": 2}
{"loss": 0.6661085486412048, "acc": 0.6302734017372131, "length": 1.0, "mode": "test", "epoch": 2}
{"loss": 0.6614381074905396, "acc": 0.6267737746238708, "length": 3.011908531188965, "mode": "train", "epoch": 3}
{"loss": 0.6602729558944702, "acc": 0.633007824420929, "length": 1.0, "mode": "test", "epoch": 3}
{"loss": 0.6594476699829102, "acc": 0.6284123659133911, "length": 2.6519975662231445, "mode": "train", "epoch": 4}
{"loss": 0.6586039662361145, "acc": 0.6333984732627869, "length": 1.0, "mode": "test", "epoch": 4}
{"loss": 0.6588495373725891, "acc": 0.628594160079956, "length": 2.2282423973083496, "mode": "train", "epoch": 5}
{"loss": 0.6543784737586975, "acc": 0.6339446902275085, "length": 1.03515625, "mode": "test", "epoch": 5}
{"loss": 0.6504983901977539, "acc": 0.6295459866523743, "length": 2.1127326488494873, "mode": "train", "epoch": 6}
{"loss": 0.6457318663597107, "acc": 0.6356720328330994, "length": 1.6328125, "mode": "test", "epoch": 6}
{"loss": 0.637942373752594, "acc": 0.634540319442749, "length": 2.297757387161255, "mode": "train", "epoch": 7}
{"loss": 0.6339207887649536, "acc": 0.6436278820037842, "length": 2.2890625, "mode": "test", "epoch": 7}
{"loss": 0.6268900632858276, "acc": 0.651071310043335, "length": 2.369399070739746, "mode": "train", "epoch": 8}
{"loss": 0.6269584894180298, "acc": 0.6491150259971619, "length": 2.1484375, "mode": "test", "epoch": 8}
{"loss": 0.6129425764083862, "acc": 0.6643169522285461, "length": 2.377774238586426, "mode": "train", "epoch": 9}
{"loss": 0.6265625953674316, "acc": 0.6550811529159546, "length": 2.18359375, "mode": "test", "epoch": 9}
{"loss": 0.6106233596801758, "acc": 0.6689155101776123, "length": 2.4009227752685547, "mode": "train", "epoch": 10}
{"loss": 0.6307066679000854, "acc": 0.6518615484237671, "length": 2.18359375, "mode": "test", "epoch": 10}
{"loss": 0.6018584370613098, "acc": 0.6708440780639648, "length": 2.471461534500122, "mode": "train", "epoch": 11}
{"loss": 0.6282468438148499, "acc": 0.6556365489959717, "length": 2.1484375, "mode": "test", "epoch": 11}
{"loss": 0.6041629910469055, "acc": 0.6751807928085327, "length": 2.4354898929595947, "mode": "train", "epoch": 12}
{"loss": 0.625319242477417, "acc": 0.6583618521690369, "length": 2.0546875, "mode": "test", "epoch": 12}
{"loss": 0.5978600382804871, "acc": 0.678271472454071, "length": 2.4378576278686523, "mode": "train", "epoch": 13}
{"loss": 0.6234756708145142, "acc": 0.6591552495956421, "length": 2.1484375, "mode": "test", "epoch": 13}
{"loss": 0.592104434967041, "acc": 0.6834627985954285, "length": 2.5572471618652344, "mode": "train", "epoch": 14}
{"loss": 0.618694543838501, "acc": 0.666900634765625, "length": 2.27734375, "mode": "test", "epoch": 14}
{"loss": 0.5908503532409668, "acc": 0.6874145865440369, "length": 2.6026322841644287, "mode": "train", "epoch": 15}
{"loss": 0.6101334095001221, "acc": 0.6772705316543579, "length": 2.2890625, "mode": "test", "epoch": 15}
{"loss": 0.5781083106994629, "acc": 0.6981324553489685, "length": 2.6644065380096436, "mode": "train", "epoch": 16}
{"loss": 0.5928846597671509, "acc": 0.6959747076034546, "length": 2.4765625, "mode": "test", "epoch": 16}
{"loss": 0.5696905255317688, "acc": 0.7092127203941345, "length": 2.7239530086517334, "mode": "train", "epoch": 17}
{"loss": 0.5891574025154114, "acc": 0.6980988383293152, "length": 2.4296875, "mode": "test", "epoch": 17}
{"loss": 0.5482882857322693, "acc": 0.7214181423187256, "length": 2.8353991508483887, "mode": "train", "epoch": 18}
{"loss": 0.5768645405769348, "acc": 0.705401599407196, "length": 2.6640625, "mode": "test", "epoch": 18}
{"loss": 0.5343964695930481, "acc": 0.7317158579826355, "length": 3.01735520362854, "mode": "train", "epoch": 19}
{"loss": 0.5700523853302002, "acc": 0.7080504894256592, "length": 2.78125, "mode": "test", "epoch": 19}
{"loss": 0.5203542709350586, "acc": 0.7444981336593628, "length": 3.1083459854125977, "mode": "train", "epoch": 20}
{"loss": 0.5651111602783203, "acc": 0.7147003412246704, "length": 3.0390625, "mode": "test", "epoch": 20}
{"loss": 0.5030340552330017, "acc": 0.75370854139328, "length": 3.286656618118286, "mode": "train", "epoch": 21}
{"loss": 0.5646682977676392, "acc": 0.7155852913856506, "length": 3.30859375, "mode": "test", "epoch": 21}
{"loss": 0.4981614649295807, "acc": 0.7600131630897522, "length": 3.3877639770507812, "mode": "train", "epoch": 22}
{"loss": 0.5656619071960449, "acc": 0.7314879298210144, "length": 3.390625, "mode": "test", "epoch": 22}
{"loss": 0.4877604842185974, "acc": 0.7629510760307312, "length": 3.4696033000946045, "mode": "train", "epoch": 23}
{"loss": 0.5633057355880737, "acc": 0.7225067615509033, "length": 3.47265625, "mode": "test", "epoch": 23}
{"loss": 0.47794345021247864, "acc": 0.7669956088066101, "length": 3.506408452987671, "mode": "train", "epoch": 24}
{"loss": 0.5476080179214478, "acc": 0.7312836050987244, "length": 3.453125, "mode": "test", "epoch": 24}
{"loss": 0.4742737114429474, "acc": 0.7729039192199707, "length": 3.484720468521118, "mode": "train", "epoch": 25}
{"loss": 0.5476779937744141, "acc": 0.731768786907196, "length": 3.4921875, "mode": "test", "epoch": 25}
{"loss": 0.46718907356262207, "acc": 0.777159571647644, "length": 3.4913623332977295, "mode": "train", "epoch": 26}
{"loss": 0.5559370517730713, "acc": 0.7269011735916138, "length": 3.56640625, "mode": "test", "epoch": 26}
{"loss": 0.4698266088962555, "acc": 0.7802295088768005, "length": 3.527822732925415, "mode": "train", "epoch": 27}
{"loss": 0.5338103175163269, "acc": 0.7376800775527954, "length": 3.38671875, "mode": "test", "epoch": 27}
{"loss": 0.4682457745075226, "acc": 0.7790636420249939, "length": 3.5116171836853027, "mode": "train", "epoch": 28}
{"loss": 0.5362609028816223, "acc": 0.73529052734375, "length": 3.5, "mode": "test", "epoch": 28}
{"loss": 0.46157145500183105, "acc": 0.7832252979278564, "length": 3.505094051361084, "mode": "train", "epoch": 29}
{"loss": 0.5479946732521057, "acc": 0.722930908203125, "length": 3.43359375, "mode": "test", "epoch": 29}
{"loss": 0.4581506550312042, "acc": 0.7867193222045898, "length": 3.512324333190918, "mode": "train", "epoch": 30}
{"loss": 0.532979428768158, "acc": 0.74078369140625, "length": 3.49609375, "mode": "test", "epoch": 30}
{"loss": 0.4493623375892639, "acc": 0.7912685871124268, "length": 3.4921483993530273, "mode": "train", "epoch": 31}
{"loss": 0.5278172492980957, "acc": 0.7475127577781677, "length": 3.5234375, "mode": "test", "epoch": 31}
{"loss": 0.4452693462371826, "acc": 0.7907272577285767, "length": 3.5303313732147217, "mode": "train", "epoch": 32}
{"loss": 0.5107876062393188, "acc": 0.7581268548965454, "length": 3.375, "mode": "test", "epoch": 32}
{"loss": 0.4368414580821991, "acc": 0.7965219616889954, "length": 3.4490084648132324, "mode": "train", "epoch": 33}
{"loss": 0.5054411292076111, "acc": 0.7604248523712158, "length": 3.3828125, "mode": "test", "epoch": 33}
{"loss": 0.43634700775146484, "acc": 0.7989636659622192, "length": 3.5185163021087646, "mode": "train", "epoch": 34}
{"loss": 0.49727916717529297, "acc": 0.7706024050712585, "length": 3.3984375, "mode": "test", "epoch": 34}
{"loss": 0.42777544260025024, "acc": 0.8063526749610901, "length": 3.4576313495635986, "mode": "train", "epoch": 35}
{"loss": 0.5148546099662781, "acc": 0.7671051621437073, "length": 3.3671875, "mode": "test", "epoch": 35}
{"loss": 0.42271798849105835, "acc": 0.8086913824081421, "length": 3.5149641036987305, "mode": "train", "epoch": 36}
{"loss": 0.4960228204727173, "acc": 0.7627228498458862, "length": 3.53125, "mode": "test", "epoch": 36}
{"loss": 0.42021703720092773, "acc": 0.8069000244140625, "length": 3.572568893432617, "mode": "train", "epoch": 37}
{"loss": 0.4953400492668152, "acc": 0.76910400390625, "length": 3.328125, "mode": "test", "epoch": 37}
{"loss": 0.42108026146888733, "acc": 0.8100278377532959, "length": 3.5111210346221924, "mode": "train", "epoch": 38}
{"loss": 0.4888630509376526, "acc": 0.7745331525802612, "length": 3.34765625, "mode": "test", "epoch": 38}
{"loss": 0.4041244685649872, "acc": 0.8172165155410767, "length": 3.530759334564209, "mode": "train", "epoch": 39}
{"loss": 0.4759069085121155, "acc": 0.7877868413925171, "length": 3.51171875, "mode": "test", "epoch": 39}
{"loss": 0.4111274182796478, "acc": 0.8209430575370789, "length": 3.5174107551574707, "mode": "train", "epoch": 40}
{"loss": 0.4737439453601837, "acc": 0.7882721424102783, "length": 3.390625, "mode": "test", "epoch": 40}
{"loss": 0.39432021975517273, "acc": 0.8256298899650574, "length": 3.5383896827697754, "mode": "train", "epoch": 41}
{"loss": 0.4682596027851105, "acc": 0.7935302257537842, "length": 3.39453125, "mode": "test", "epoch": 41}
{"loss": 0.39418652653694153, "acc": 0.8244296908378601, "length": 3.5193521976470947, "mode": "train", "epoch": 42}
{"loss": 0.4645259380340576, "acc": 0.7935760021209717, "length": 3.484375, "mode": "test", "epoch": 42}
{"loss": 0.3861348032951355, "acc": 0.8294191956520081, "length": 3.558016538619995, "mode": "train", "epoch": 43}
{"loss": 0.45413124561309814, "acc": 0.8002350330352783, "length": 3.54296875, "mode": "test", "epoch": 43}
{"loss": 0.37557530403137207, "acc": 0.8308340311050415, "length": 3.585214853286743, "mode": "train", "epoch": 44}
{"loss": 0.44364237785339355, "acc": 0.8036956787109375, "length": 3.5546875, "mode": "test", "epoch": 44}
{"loss": 0.3786897659301758, "acc": 0.8339494466781616, "length": 3.5571250915527344, "mode": "train", "epoch": 45}
{"loss": 0.4513412117958069, "acc": 0.8007782697677612, "length": 3.48046875, "mode": "test", "epoch": 45}
{"loss": 0.3758387267589569, "acc": 0.8343156576156616, "length": 3.555471420288086, "mode": "train", "epoch": 46}
{"loss": 0.4479581117630005, "acc": 0.8033356070518494, "length": 3.54296875, "mode": "test", "epoch": 46}
{"loss": 0.37680545449256897, "acc": 0.8365446329116821, "length": 3.5572750568389893, "mode": "train", "epoch": 47}
{"loss": 0.4490518569946289, "acc": 0.8038787245750427, "length": 3.5078125, "mode": "test", "epoch": 47}
{"loss": 0.373098224401474, "acc": 0.8382907509803772, "length": 3.5734703540802, "mode": "train", "epoch": 48}
{"loss": 0.4385260343551636, "acc": 0.8121459484100342, "length": 3.48046875, "mode": "test", "epoch": 48}
{"loss": 0.36867865920066833, "acc": 0.8405580520629883, "length": 3.5523862838745117, "mode": "train", "epoch": 49}
{"loss": 0.4425203800201416, "acc": 0.8083649277687073, "length": 3.41796875, "mode": "test", "epoch": 49}
{"loss": 0.36855730414390564, "acc": 0.8421448469161987, "length": 3.541551113128662, "mode": "train", "epoch": 50}
{"loss": 0.42726847529411316, "acc": 0.8176361322402954, "length": 3.41796875, "mode": "test", "epoch": 50}
{"loss": 0.3611108660697937, "acc": 0.8447551727294922, "length": 3.567155361175537, "mode": "train", "epoch": 51}
{"loss": 0.4278152883052826, "acc": 0.8100494742393494, "length": 3.50390625, "mode": "test", "epoch": 51}
{"loss": 0.36180800199508667, "acc": 0.8465697169303894, "length": 3.545667886734009, "mode": "train", "epoch": 52}
{"loss": 0.41865018010139465, "acc": 0.8216919302940369, "length": 3.47265625, "mode": "test", "epoch": 52}
{"loss": 0.3552248477935791, "acc": 0.8458882570266724, "length": 3.552175998687744, "mode": "train", "epoch": 53}
{"loss": 0.4235537052154541, "acc": 0.818695068359375, "length": 3.44921875, "mode": "test", "epoch": 53}
{"loss": 0.3601255416870117, "acc": 0.8468276262283325, "length": 3.5442378520965576, "mode": "train", "epoch": 54}
{"loss": 0.4228036403656006, "acc": 0.8211639523506165, "length": 3.4453125, "mode": "test", "epoch": 54}
{"loss": 0.3673183023929596, "acc": 0.8451115489006042, "length": 3.482773780822754, "mode": "train", "epoch": 55}
{"loss": 0.4387844502925873, "acc": 0.8158507943153381, "length": 3.5546875, "mode": "test", "epoch": 55}
{"loss": 0.36125248670578003, "acc": 0.8466647863388062, "length": 3.6540980339050293, "mode": "train", "epoch": 56}
{"loss": 0.43329954147338867, "acc": 0.8146697282791138, "length": 3.6171875, "mode": "test", "epoch": 56}
{"loss": 0.35021162033081055, "acc": 0.8495653867721558, "length": 3.602067708969116, "mode": "train", "epoch": 57}
{"loss": 0.415936678647995, "acc": 0.820147693157196, "length": 3.4609375, "mode": "test", "epoch": 57}
{"loss": 0.35016146302223206, "acc": 0.8558793663978577, "length": 3.5761215686798096, "mode": "train", "epoch": 58}
{"loss": 0.4201953709125519, "acc": 0.8198882937431335, "length": 3.6171875, "mode": "test", "epoch": 58}
{"loss": 0.35454225540161133, "acc": 0.8536977171897888, "length": 3.5441858768463135, "mode": "train", "epoch": 59}
{"loss": 0.419354110956192, "acc": 0.8226348161697388, "length": 3.4140625, "mode": "test", "epoch": 59}
{"loss": 0.3427152633666992, "acc": 0.8538395166397095, "length": 3.6038150787353516, "mode": "train", "epoch": 60}
{"loss": 0.40943509340286255, "acc": 0.8275635242462158, "length": 3.5, "mode": "test", "epoch": 60}
test accuracy: 0.7517626285552979
